DDR Version 1.25 20210517
In
Channel 0: DDR3, 800MHz
Bus Width=32 Col=10 Bank=8 Row=15 CS=1 Die Bus-Width=16 Size=1024MB
no stride
ch 0 ddrconfig = 0x101, ddrsize = 0x20
pmugrf_os_reg[2] = 0x10006281, stride = 0x17
OUT
Boot1 Release Time: May 29 2020 17:36:36, version: 1.26
CPUId = 0x0
ChipType = 0x10, 337
SdmmcInit=2 0
BootCapSize=100000
UserCapSize=7488MB
FwPartOffset=2000 , 100000
mmc0:cmd5,20
SdmmcInit=0 0
BootCapSize=0
UserCapSize=15360MB
FwPartOffset=2000 , 0
StorageInit ok = 106018
SecureMode = 0
SecureInit read PBA: 0x4
SecureInit read PBA: 0x404
SecureInit read PBA: 0x804
SecureInit read PBA: 0xc04
SecureInit read PBA: 0x1004
SecureInit read PBA: 0x1404
SecureInit read PBA: 0x1804
SecureInit read PBA: 0x1c04
SecureInit ret = 0, SecureMode = 0
atags_set_bootdev: ret:(0)
no find partition:uboot.
Trust Addr:0x4000, 0x58334c42
No find bl30.bin
No find bl32.bin
Load uboot, ReadLba = 2000
Load OK, addr=0x200000, size=0xb29c8
RunBL31 0x40000 @ 213309 us
NOTICE:  BL31: v1.3(release):845ee93
NOTICE:  BL31: Built : 15:51:11, Jul 22 2020
NOTICE:  BL31: Rockchip release version: v1.1
INFO:    GICv3 with legacy support detected. ARM GICV3 driver initialized in EL3
INFO:    Using opteed sec cpu_context!
INFO:    boot cpu mask: 0
INFO:    plat_rockchip_pmu_init(1196): pd status 3e
INFO:    BL31: Initializing runtime services
WARNING: No OPTEE provided by BL2 boot loader, Booting device without OPTEE initialization. SMC`s destined for OPTEE will return SMC_UNK
ERROR:   Error initializing runtime service opteed_fast
INFO:    BL31: Preparing for EL3 exit to normal world
INFO:    Entry point address = 0x200000
INFO:    SPSR = 0x3c9


U-Boot 2021.07 (Mar 18 2022 - 01:44:08 +0000) OpenWrt

SoC: Rockchip rk3399
Reset cause: POR
Model: EmbedFire DoorNet2
DRAM:  1022 MiB
PMIC:  RK808
MMC:   mmc@fe320000: 0, sdhci@fe330000: 1
Loading Environment from MMC... *** Warning - bad CRC, using default environment

rk3399_vop vop@ff8f0000: failed to get ahb reset (ret=-524)
rk3399_vop vop@ff8f0000: failed to get ahb reset (ret=-524)
In:    serial
Out:   serial
Err:   serial
Net:   eth0: ethernet@fe300000
Hit any key to stop autoboot:  0
switch to partitions #0, OK
mmc0 is current device
Scanning mmc 0:1...
Found U-Boot script /boot.scr
352 bytes read in 3 ms (114.3 KiB/s)
## Executing script at 00500000
54477 bytes read in 7 ms (7.4 MiB/s)
13197320 bytes read in 829 ms (15.2 MiB/s)
## Flattened Device Tree blob at 01f00000
   Booting using the fdt blob at 0x1f00000
   Loading Device Tree to 0000000039f26000, end 0000000039f364cc ... OK

Starting kernel ...

[    0.000000] Booting Linux on physical CPU 0x0000000000 [0x410fd034]
[    0.000000] Linux version 5.4.185 (runner@fv-az252-845) (gcc version 8.4.0 (OpenWrt GCC 8.4.0 r4350-bcd68eb73)) #0 SMP PREEMPT Fri Mar 18 01:44:08 2022
[    0.000000] Machine model: EmbedFire DoorNet2
[    0.000000] earlycon: uart8250 at MMIO32 0x00000000ff1a0000 (options '')
[    0.000000] printk: bootconsole [uart8250] enabled
[    0.000000] cma: Reserved 8 MiB at 0x000000003f800000
[    0.000000] psci: probing for conduit method from DT.
[    0.000000] psci: PSCIv1.0 detected in firmware.
[    0.000000] psci: Using standard PSCI v0.2 function IDs
[    0.000000] psci: MIGRATE_INFO_TYPE not supported.
[    0.000000] psci: SMC Calling Convention v1.0
[    0.000000] percpu: Embedded 20 pages/cpu s44952 r8192 d28776 u81920
[    0.000000] Detected VIPT I-cache on CPU0
[    0.000000] CPU features: detected: ARM erratum 845719
[    0.000000] CPU features: detected: GIC system register CPU interface
[    0.000000] Built 1 zonelists, mobility grouping on.  Total pages: 257544
[    0.000000] Kernel command line: console=ttyS2,1500000 earlycon=uart8250,mmio32,0xff1a0000 root=PARTUUID=5452574f-02 rw rootwait
[    0.000000] Dentry cache hash table entries: 131072 (order: 8, 1048576 bytes, linear)
[    0.000000] Inode-cache hash table entries: 65536 (order: 7, 524288 bytes, linear)
[    0.000000] mem auto-init: stack:off, heap alloc:off, heap free:off
[    0.000000] Memory: 1003836K/1046528K available (7998K kernel code, 600K rwdata, 2520K rodata, 1728K init, 763K bss, 34500K reserved, 8192K cma-reserved)
[    0.000000] SLUB: HWalign=64, Order=0-3, MinObjects=0, CPUs=6, Nodes=1
[    0.000000] rcu: Preemptible hierarchical RCU implementation.
[    0.000000] rcu:     RCU event tracing is enabled.
[    0.000000] rcu:     RCU restricting CPUs from NR_CPUS=256 to nr_cpu_ids=6.
[    0.000000]  Tasks RCU enabled.
[    0.000000] rcu: RCU calculated value of scheduler-enlistment delay is 10 jiffies.
[    0.000000] rcu: Adjusting geometry for rcu_fanout_leaf=16, nr_cpu_ids=6
[    0.000000] NR_IRQS: 64, nr_irqs: 64, preallocated irqs: 0
[    0.000000] GICv3: GIC: Using split EOI/Deactivate mode
[    0.000000] GICv3: 256 SPIs implemented
[    0.000000] GICv3: 0 Extended SPIs implemented
[    0.000000] GICv3: Distributor has no Range Selector support
[    0.000000] GICv3: 16 PPIs implemented
[    0.000000] GICv3: no VLPI support, no direct LPI support
[    0.000000] GICv3: CPU0: found redistributor 0 region 0:0x00000000fef00000
[    0.000000] ITS [mem 0xfee20000-0xfee3ffff]
[    0.000000] ITS@0x00000000fee20000: allocated 65536 Devices @3dc80000 (flat, esz 8, psz 64K, shr 0)
[    0.000000] ITS: using cache flushing for cmd queue
[    0.000000] GICv3: using LPI property table @0x000000003dc40000
[    0.000000] GIC: using cache flushing for LPI property table
[    0.000000] GICv3: CPU0: using allocated LPI pending table @0x000000003dc50000
[    0.000000] GICv3: GIC: PPI partition interrupt-partition-0[0] { /cpus/cpu@0[0] /cpus/cpu@1[1] /cpus/cpu@2[2] /cpus/cpu@3[3] }
[    0.000000] GICv3: GIC: PPI partition interrupt-partition-1[1] { /cpus/cpu@100[4] /cpus/cpu@101[5] }
[    0.000000] random: get_random_bytes called from start_kernel+0x29c/0x39c with crng_init=0
[    0.000000] arch_timer: cp15 timer(s) running at 24.00MHz (phys).
[    0.000000] clocksource: arch_sys_counter: mask: 0xffffffffffffff max_cycles: 0x588fe9dc0, max_idle_ns: 440795202592 ns
[    0.000009] sched_clock: 56 bits at 24MHz, resolution 41ns, wraps every 4398046511097ns
[    0.002347] Console: colour dummy device 80x25
[    0.002850] Calibrating delay loop (skipped), value calculated using timer frequency.. 48.00 BogoMIPS (lpj=240000)
[    0.003878] pid_max: default: 32768 minimum: 301
[    0.004626] Mount-cache hash table entries: 2048 (order: 2, 16384 bytes, linear)
[    0.005369] Mountpoint-cache hash table entries: 2048 (order: 2, 16384 bytes, linear)
[    0.008926] ASID allocator initialised with 32768 entries
[    0.009633] rcu: Hierarchical SRCU implementation.
[    0.010506] Platform MSI: interrupt-controller@fee20000 domain created
[    0.011651] PCI/MSI: /interrupt-controller@fee00000/interrupt-controller@fee20000 domain created
[    0.013327] smp: Bringing up secondary CPUs ...
[    0.014600] Detected VIPT I-cache on CPU1
[    0.014648] GICv3: CPU1: found redistributor 1 region 0:0x00000000fef20000
[    0.014668] GICv3: CPU1: using allocated LPI pending table @0x000000003dc60000
[    0.014730] CPU1: Booted secondary processor 0x0000000001 [0x410fd034]
[    0.015651] Detected VIPT I-cache on CPU2
[    0.015691] GICv3: CPU2: found redistributor 2 region 0:0x00000000fef40000
[    0.015708] GICv3: CPU2: using allocated LPI pending table @0x000000003dc70000
[    0.015751] CPU2: Booted secondary processor 0x0000000002 [0x410fd034]
[    0.016662] Detected VIPT I-cache on CPU3
[    0.016700] GICv3: CPU3: found redistributor 3 region 0:0x00000000fef60000
[    0.016717] GICv3: CPU3: using allocated LPI pending table @0x000000003dd00000
[    0.016759] CPU3: Booted secondary processor 0x0000000003 [0x410fd034]
[    0.020365] CPU features: detected: EL2 vector hardening
[    0.020697] ARM_SMCCC_ARCH_WORKAROUND_1 missing from firmware
[    0.021060] Detected PIPT I-cache on CPU4
[    0.022244] GICv3: CPU4: found redistributor 100 region 0:0x00000000fef80000
[    0.022690] GICv3: CPU4: using allocated LPI pending table @0x000000003dd10000
[    0.023864] CPU4: Booted secondary processor 0x0000000100 [0x410fd082]
[    0.031214] Detected PIPT I-cache on CPU5
[    0.032321] GICv3: CPU5: found redistributor 101 region 0:0x00000000fefa0000
[    0.032746] GICv3: CPU5: using allocated LPI pending table @0x000000003dd20000
[    0.033854] CPU5: Booted secondary processor 0x0000000101 [0x410fd082]
[    0.037790] smp: Brought up 1 node, 6 CPUs
[    0.051454] SMP: Total of 6 processors activated.
[    0.051938] CPU features: detected: 32-bit EL0 Support
[    0.052462] CPU features: detected: CRC32 instructions
[    0.181506] CPU: All CPU(s) started at EL2
[    0.182588] alternatives: patching kernel code
[    0.413484] clocksource: jiffies: mask: 0xffffffff max_cycles: 0xffffffff, max_idle_ns: 19112604462750000 ns
[    0.416207] futex hash table entries: 2048 (order: 5, 131072 bytes, linear)
[    0.432124] pinctrl core: initialized pinctrl subsystem
[    0.466405] NET: Registered protocol family 16
[    0.554156] DMA: preallocated 2048 KiB pool for atomic allocations
[    0.602815] cpuidle: using governor menu
[    0.612492] Serial: AMBA PL011 UART driver
[    1.968925] HugeTLB registered 1.00 GiB page size, pre-allocated 0 pages
[    1.970760] HugeTLB registered 32.0 MiB page size, pre-allocated 0 pages
[    1.972482] HugeTLB registered 2.00 MiB page size, pre-allocated 0 pages
[    1.975051] HugeTLB registered 64.0 KiB page size, pre-allocated 0 pages
[    2.080133] reg-fixed-voltage vcc3v3-sys: Failed to register regulator: -517
[    2.087080] reg-fixed-voltage vcc5v0-sys: Failed to register regulator: -517
[    2.094205] reg-fixed-voltage vcc1v8-s3: Failed to register regulator: -517
[    2.104641] reg-fixed-voltage vcc3v0-sd: Failed to register regulator: -517
[    2.137972] iommu: Default domain type: Translated
[    2.235600] SCSI subsystem initialized
[    2.245075] usbcore: registered new interface driver usbfs
[    2.248007] usbcore: registered new interface driver hub
[    2.251793] usbcore: registered new device driver usb
[    2.258469] pps_core: LinuxPPS API ver. 1 registered
[    2.260265] pps_core: Software ver. 5.3.6 - Copyright 2005-2007 Rodolfo Giometti <giometti@linux.it>
[    2.262794] PTP clock support registered
[    2.275098] workqueue: max_active 576 requested for napi_workq is out of range, clamping between 1 and 512
[    2.302139] clocksource: Switched to clocksource arch_sys_counter
[    2.309021] VFS: Disk quotas dquot_6.6.0
[    2.313933] VFS: Dquot-cache hash table entries: 512 (order 0, 4096 bytes)
[    2.480876] thermal_sys: Registered thermal governor 'step_wise'
[    2.481061] thermal_sys: Registered thermal governor 'power_allocator'
[    2.506266] NET: Registered protocol family 2
[    2.515253] IP idents hash table entries: 16384 (order: 5, 131072 bytes, linear)
[    2.569096] tcp_listen_portaddr_hash hash table entries: 512 (order: 1, 8192 bytes, linear)
[    2.573782] TCP established hash table entries: 8192 (order: 4, 65536 bytes, linear)
[    2.580072] TCP bind hash table entries: 8192 (order: 5, 131072 bytes, linear)
[    2.590788] TCP: Hash tables configured (established 8192 bind 8192)
[    2.597664] UDP hash table entries: 512 (order: 2, 16384 bytes, linear)
[    2.601020] UDP-Lite hash table entries: 512 (order: 2, 16384 bytes, linear)
[    2.610281] NET: Registered protocol family 1
[    2.613495] PCI: CLS 0 bytes, default 64
[    2.660528] workingset: timestamp_bits=46 max_order=18 bucket_order=0
[    2.969761] squashfs: version 4.0 (2009/01/31) Phillip Lougher
[    2.971316] jffs2: version 2.2 (NAND) (SUMMARY) (ZLIB) (LZMA) (RTIME) (CMODE_PRIORITY) (c) 2001-2006 Red Hat, Inc.
[    4.250646] Block layer SCSI generic (bsg) driver version 0.4 loaded (major 250)
[    4.256017] io scheduler mq-deadline registered
[    4.577620] rockchip-pcie f8000000.pcie: no vpcie12v regulator found
[    4.670239] dma-pl330 ff6d0000.dma-controller: Loaded driver for PL330 DMAC-241330
[    4.673099] dma-pl330 ff6d0000.dma-controller:       DBUFF-32x8bytes Num_Chans-6 Num_Peri-12 Num_Events-12
[    4.730580] dma-pl330 ff6e0000.dma-controller: Loaded driver for PL330 DMAC-241330
[    4.733387] dma-pl330 ff6e0000.dma-controller:       DBUFF-128x8bytes Num_Chans-8 Num_Peri-20 Num_Events-16
[    4.822927] Serial: 8250/16550 driver, 16 ports, IRQ sharing enabled
[    4.958942] printk: console [ttyS2] disabled
[    4.964112] ff1a0000.serial: ttyS2 at MMIO 0xff1a0000 (irq = 38, base_baud = 1500000) is a 16550A
[    4.973817] printk: console [ttyS2] enabled
[    4.973817] printk: console [ttyS2] enabled
[    4.975709] printk: bootconsole [uart8250] disabled
[    4.975709] printk: bootconsole [uart8250] disabled
[    5.042074] random: fast init done
[    5.043003] crng init done
[    5.073702] cacheinfo: Unable to detect cache hierarchy for CPU 0
[    5.292502] loop: module loaded
[    5.293519] mtip32xx Version 1.3.1
[    5.299057] Loading iSCSI transport class v2.0-870.
[    5.412178] QLogic FastLinQ 4xxxx Core Module qed 8.37.0.20
[    5.413500] qede_init: QLogic FastLinQ 4xxxx Ethernet Driver qede 8.37.0.20
[    5.413500]
[    5.438154] rk_gmac-dwmac fe300000.ethernet: IRQ eth_wake_irq not found
[    5.439716] rk_gmac-dwmac fe300000.ethernet: IRQ eth_lpi not found
[    5.445842] rk_gmac-dwmac fe300000.ethernet: PTP uses main clock
[    5.448035] rk_gmac-dwmac fe300000.ethernet: phy regulator is not available yet, deferred probing
[    5.629609] ehci_hcd: USB 2.0 'Enhanced' Host Controller (EHCI) Driver
[    5.631017] ehci-pci: EHCI PCI platform driver
[    5.634181] ehci-platform: EHCI generic platform driver
[    5.646628] ehci-platform fe380000.usb: EHCI Host Controller
[    5.648828] ehci-platform fe380000.usb: new USB bus registered, assigned bus number 1
[    5.655607] ehci-platform fe380000.usb: irq 30, io mem 0xfe380000
[    5.683429] ehci-platform fe380000.usb: USB 2.0 started, EHCI 1.00
[    5.706143] hub 1-0:1.0: USB hub found
[    5.708592] hub 1-0:1.0: 1 port detected
[    5.729964] rockchip-usb2phy ff770000.syscon:usb2-phy@e460: Requested PHY is disabled
[    5.732447] ehci-platform fe3c0000.usb: EHCI Host Controller
[    5.734270] ehci-platform fe3c0000.usb: new USB bus registered, assigned bus number 2
[    5.739286] ehci-platform fe3c0000.usb: irq 32, io mem 0xfe3c0000
[    5.763251] ehci-platform fe3c0000.usb: USB 2.0 started, EHCI 1.00
[    5.786382] hub 2-0:1.0: USB hub found
[    5.788660] hub 2-0:1.0: 1 port detected
[    5.813730] ohci_hcd: USB 1.1 'Open' Host Controller (OHCI) Driver
[    5.815539] ohci-platform: OHCI generic platform driver
[    5.825223] ohci-platform fe3a0000.usb: Generic Platform OHCI controller
[    5.827318] ohci-platform fe3a0000.usb: new USB bus registered, assigned bus number 3
[    5.833538] ohci-platform fe3a0000.usb: irq 31, io mem 0xfe3a0000
[    5.927843] hub 3-0:1.0: USB hub found
[    5.930003] hub 3-0:1.0: 1 port detected
[    5.951032] rockchip-usb2phy ff770000.syscon:usb2-phy@e460: Requested PHY is disabled
[    5.954029] ohci-platform fe3e0000.usb: Generic Platform OHCI controller
[    5.956063] ohci-platform fe3e0000.usb: new USB bus registered, assigned bus number 4
[    5.961262] ohci-platform fe3e0000.usb: irq 33, io mem 0xfe3e0000
[    6.058549] hub 4-0:1.0: USB hub found
[    6.060717] hub 4-0:1.0: 1 port detected
[    6.109040] xhci-hcd xhci-hcd.0.auto: xHCI Host Controller
[    6.110924] xhci-hcd xhci-hcd.0.auto: new USB bus registered, assigned bus number 5
[    6.117228] xhci-hcd xhci-hcd.0.auto: hcc params 0x0220fe64 hci version 0x110 quirks 0x0000000002010010
[    6.120530] xhci-hcd xhci-hcd.0.auto: irq 220, io mem 0xfe800000
[    6.150126] hub 5-0:1.0: USB hub found
[    6.153148] hub 5-0:1.0: 1 port detected
[    6.167280] xhci-hcd xhci-hcd.0.auto: xHCI Host Controller
[    6.168846] xhci-hcd xhci-hcd.0.auto: new USB bus registered, assigned bus number 6
[    6.170599] xhci-hcd xhci-hcd.0.auto: Host supports USB 3.0 SuperSpeed
[    6.175422] usb usb6: We don't know the algorithms for LPM for this host, disabling LPM.
[    6.196960] hub 6-0:1.0: USB hub found
[    6.199049] hub 6-0:1.0: 1 port detected
[    6.219582] xhci-hcd xhci-hcd.1.auto: xHCI Host Controller
[    6.221380] xhci-hcd xhci-hcd.1.auto: new USB bus registered, assigned bus number 7
[    6.227593] xhci-hcd xhci-hcd.1.auto: hcc params 0x0220fe64 hci version 0x110 quirks 0x0000000002010010
[    6.230919] xhci-hcd xhci-hcd.1.auto: irq 221, io mem 0xfe900000
[    6.261100] hub 7-0:1.0: USB hub found
[    6.264069] hub 7-0:1.0: 1 port detected
[    6.277966] xhci-hcd xhci-hcd.1.auto: xHCI Host Controller
[    6.279773] xhci-hcd xhci-hcd.1.auto: new USB bus registered, assigned bus number 8
[    6.282322] xhci-hcd xhci-hcd.1.auto: Host supports USB 3.0 SuperSpeed
[    6.286252] usb usb8: We don't know the algorithms for LPM for this host, disabling LPM.
[    6.307779] hub 8-0:1.0: USB hub found
[    6.309884] hub 8-0:1.0: 1 port detected
[    6.334278] usbcore: registered new interface driver usb-storage
[    6.342290] i2c /dev entries driver
[    6.439780] fan53555-regulator 0-0040: FAN53555 Option[8] Rev[1] Detected!
[    6.449626] fan53555-regulator 0-0040: Failed to register regulator!
[    6.469870] fan53555-regulator 0-0041: FAN53555 Option[8] Rev[1] Detected!
[    6.478025] fan53555-regulator 0-0041: Failed to register regulator!
[    6.495455] rk808 0-001b: chip id: 0x0
[    6.588212] rk808-regulator rk808-regulator: there is no dvs0 gpio
[    6.590452] rk808-regulator rk808-regulator: there is no dvs1 gpio
[    6.599859] rk808 0-001b: failed to register 0 regulator
[    6.646624] rk808-rtc rk808-rtc: registered as rtc0
[    6.828202] sdhci: Secure Digital Host Controller Interface driver
[    6.829517] sdhci: Copyright(c) Pierre Ossman
[    6.830468] Synopsys Designware Multimedia Card Interface Driver
[    6.863945] dwmmc_rockchip fe320000.dwmmc: IDMAC supports 32-bit address mode.
[    6.866029] dwmmc_rockchip fe320000.dwmmc: Using internal DMA controller.
[    6.867585] dwmmc_rockchip fe320000.dwmmc: Version ID is 270a
[    6.870368] dwmmc_rockchip fe320000.dwmmc: DW MMC controller at irq 28,32 bit host data width,256 deep fifo
[    6.887614] sdhci-pltfm: SDHCI platform and OF driver helper
[    6.933545] mmc0: CQHCI version 5.10
[    6.984052] mmc0: SDHCI controller on fe330000.sdhci [fe330000.sdhci] using ADMA
[    7.113175] ledtrig-cpu: registered to indicate activity on CPUs
[    7.136435] hidraw: raw HID events driver (C) Jiri Kosina
[    7.143177] usbcore: registered new interface driver usbhid
[    7.144374] usbhid: USB HID core driver
[    7.251411] NET: Registered protocol family 10
[    7.294164] Segment Routing with IPv6
[    7.298937] NET: Registered protocol family 17
[    7.303403] Bridge firewalling registered
[    7.304479] 8021q: 802.1Q VLAN Support v1.8
[    7.380521] mmc0: Command Queue Engine enabled
[    7.382864] mmc0: new HS200 MMC card at address 0001
[    7.411535] mmcblk0: mmc0:0001 K93SKB 7.31 GiB
[    7.423554] mmcblk0boot0: mmc0:0001 K93SKB partition 1 4.00 MiB
[    7.434851] mmcblk0boot1: mmc0:0001 K93SKB partition 2 4.00 MiB
[    7.439658] mmcblk0rpmb: mmc0:0001 K93SKB partition 3 4.00 MiB, chardev (248:0)
[    7.479927]  mmcblk0: p1 p2
[    8.845362] reg-fixed-voltage vcc3v3-sys: Failed to register regulator: -517
[    8.859274] vcc5v0_sys: supplied by vdd_5v
[    8.877098] reg-fixed-voltage vcc1v8-s3: Failed to register regulator: -517
[    8.895039] reg-fixed-voltage vcc3v0-sd: Failed to register regulator: -517
[    8.924756] rockchip-pcie f8000000.pcie: no vpcie12v regulator found
[    8.961025] rk_gmac-dwmac fe300000.ethernet: IRQ eth_wake_irq not found
[    8.963388] rk_gmac-dwmac fe300000.ethernet: IRQ eth_lpi not found
[    8.968482] rk_gmac-dwmac fe300000.ethernet: PTP uses main clock
[    8.970638] rk_gmac-dwmac fe300000.ethernet: phy regulator is not available yet, deferred probing
[    8.994006] fan53555-regulator 0-0040: FAN53555 Option[8] Rev[1] Detected!
[    9.005211] fan53555-regulator 0-0040: Failed to register regulator!
[    9.039716] fan53555-regulator 0-0041: FAN53555 Option[8] Rev[1] Detected!
[    9.041753] fan53555-regulator 0-0041: Failed to register regulator!
[    9.042540] rk808-regulator rk808-regulator: there is no dvs0 gpio
[    9.043103] rk808-regulator rk808-regulator: there is no dvs1 gpio
[    9.043714] rk808 0-001b: failed to register 0 regulator
[    9.045367] dwmmc_rockchip fe320000.dwmmc: IDMAC supports 32-bit address mode.
[    9.046019] dwmmc_rockchip fe320000.dwmmc: Using internal DMA controller.
[    9.046622] dwmmc_rockchip fe320000.dwmmc: Version ID is 270a
[    9.047153] dwmmc_rockchip fe320000.dwmmc: DW MMC controller at irq 28,32 bit host data width,256 deep fifo
[    9.048244] vcc3v3_sys: supplied by vcc5v0_sys
[    9.048950] reg-fixed-voltage vcc1v8-s3: Failed to register regulator: -517
[    9.049847] vcc3v0_sd: supplied by vcc3v3_sys
[    9.050836] rockchip-pcie f8000000.pcie: no vpcie12v regulator found
[    9.051486] rockchip-pcie f8000000.pcie: no vpcie1v8 regulator found
[    9.052059] rockchip-pcie f8000000.pcie: no vpcie0v9 regulator found
[    9.104513] rockchip-pcie f8000000.pcie: host bridge /pcie@f8000000 ranges:
[    9.105157] rockchip-pcie f8000000.pcie:   MEM 0xfa000000..0xfbdfffff -> 0xfa000000
[    9.105838] rockchip-pcie f8000000.pcie:    IO 0xfbe00000..0xfbefffff -> 0xfbe00000
[    9.106817] rockchip-pcie f8000000.pcie: PCI host bridge to bus 0000:00
[    9.107404] pci_bus 0000:00: root bus resource [bus 00-1f]
[    9.107891] pci_bus 0000:00: root bus resource [mem 0xfa000000-0xfbdfffff]
[    9.108499] pci_bus 0000:00: root bus resource [io  0x0000-0xfffff] (bus address [0xfbe00000-0xfbefffff])
[    9.109366] pci 0000:00:00.0: [1d87:0100] type 01 class 0x060400
[    9.110015] pci 0000:00:00.0: supports D1
[    9.110372] pci 0000:00:00.0: PME# supported from D0 D1 D3hot
[    9.115245] pci 0000:00:00.0: bridge configuration invalid ([bus 00-00]), reconfiguring
[    9.116114] pci 0000:01:00.0: [10ec:8168] type 00 class 0x020000
[    9.116748] pci 0000:01:00.0: reg 0x10: initial BAR value 0x00000000 invalid
[    9.117368] pci 0000:01:00.0: reg 0x10: [io  size 0x0100]
[    9.117920] pci 0000:01:00.0: reg 0x18: [mem 0x00000000-0x00000fff 64bit]
[    9.118564] pci 0000:01:00.0: reg 0x20: [mem 0x00000000-0x00003fff 64bit]
[    9.119209] pci 0000:01:00.0: Upstream bridge's Max Payload Size set to 128 (was 256, max 256)
[    9.119976] pci 0000:01:00.0: Max Payload Size set to 128 (was 128, max 128)
[    9.120927] pci 0000:01:00.0: supports D1 D2
[    9.121308] pci 0000:01:00.0: PME# supported from D0 D1 D2 D3hot D3cold
[    9.155605] pci_bus 0000:01: busn_res: [bus 01-1f] end is updated to 01
[    9.156205] pci 0000:00:00.0: BAR 8: assigned [mem 0xfa000000-0xfa0fffff]
[    9.156810] pci 0000:01:00.0: BAR 4: assigned [mem 0xfa000000-0xfa003fff 64bit]
[    9.157493] pci 0000:01:00.0: BAR 2: assigned [mem 0xfa004000-0xfa004fff 64bit]
[    9.158173] pci 0000:01:00.0: BAR 0: no space for [io  size 0x0100]
[    9.158724] pci 0000:01:00.0: BAR 0: failed to assign [io  size 0x0100]
[    9.159308] pci 0000:00:00.0: PCI bridge to [bus 01]
[    9.159751] pci 0000:00:00.0:   bridge window [mem 0xfa000000-0xfa0fffff]
[    9.160491] pcieport 0000:00:00.0: enabling device (0000 -> 0002)
[    9.161271] pcieport 0000:00:00.0: PME: Signaling with IRQ 232
[    9.162666] pcieport 0000:00:00.0: AER: enabled with IRQ 232
[    9.164031] rk_gmac-dwmac fe300000.ethernet: IRQ eth_wake_irq not found
[    9.164618] rk_gmac-dwmac fe300000.ethernet: IRQ eth_lpi not found
[    9.165258] rk_gmac-dwmac fe300000.ethernet: PTP uses main clock
[    9.165815] rk_gmac-dwmac fe300000.ethernet: phy regulator is not available yet, deferred probing
[    9.168132] fan53555-regulator 0-0040: FAN53555 Option[8] Rev[1] Detected!
[    9.170409] vdd_cpu_b: supplied by vcc3v3_sys
[    9.175188] fan53555-regulator 0-0041: FAN53555 Option[8] Rev[1] Detected!
[    9.177469] vdd_gpu: supplied by vcc3v3_sys
[    9.181503] rk808-regulator rk808-regulator: there is no dvs0 gpio
[    9.182070] rk808-regulator rk808-regulator: there is no dvs1 gpio
[    9.182682] vdd_center: supplied by vcc3v3_sys
[    9.185265] vdd_cpu_l: supplied by vcc3v3_sys
[    9.185948] vcc_ddr: supplied by vcc3v3_sys
[    9.187635] vcc_1v8: supplied by vcc3v3_sys
[    9.189451] vcc1v8_cam: supplied by vcc3v3_sys
[    9.191650] vcc3v0_touch: supplied by vcc3v3_sys
[    9.194312] vcc1v8_pmupll: supplied by vcc3v3_sys
[    9.197086] vcc_sdio: supplied by vcc3v3_sys
[    9.199281] vcca3v0_codec: supplied by vcc3v3_sys
[    9.201345] vcc_1v5: supplied by vcc3v3_sys
[    9.203503] vcca1v8_codec: supplied by vcc3v3_sys
[    9.205576] vcc_3v0: supplied by vcc3v3_sys
[    9.206687] vcc3v3_s3: supplied by vcc3v3_sys
[    9.207290] vcc3v3_s0: supplied by vcc3v3_sys
[    9.209593] energy_model: pd0: hertz/watts ratio non-monotonically decreasing: em_cap_state 1 >= em_cap_state0
[    9.210682] cpufreq: cpufreq_online: CPU0: Running at unlisted freq: 400000 KHz
[    9.212095] cpufreq: cpufreq_online: CPU0: Unlisted initial frequency changed to: 408000 KHz
[    9.216004] cpufreq: cpufreq_online: CPU4: Running at unlisted freq: 12000 KHz
[    9.220135] cpufreq: cpufreq_online: CPU4: Unlisted initial frequency changed to: 408000 KHz
[    9.222864] dwmmc_rockchip fe320000.dwmmc: IDMAC supports 32-bit address mode.
[    9.223530] dwmmc_rockchip fe320000.dwmmc: Using internal DMA controller.
[    9.224140] dwmmc_rockchip fe320000.dwmmc: Version ID is 270a
[    9.224681] dwmmc_rockchip fe320000.dwmmc: DW MMC controller at irq 28,32 bit host data width,256 deep fifo
[    9.225809] dwmmc_rockchip fe320000.dwmmc: Got CD GPIO
[    9.239490] mmc_host mmc1: Bus speed (slot 0) = 400000Hz (slot req 400000Hz, actual 400000HZ div = 0)
[    9.252259] vcc1v8_s3: supplied by vcc_1v8
[    9.255006] rk_gmac-dwmac fe300000.ethernet: IRQ eth_wake_irq not found
[    9.255587] rk_gmac-dwmac fe300000.ethernet: IRQ eth_lpi not found
[    9.256193] rk_gmac-dwmac fe300000.ethernet: PTP uses main clock
[    9.256772] rk_gmac-dwmac fe300000.ethernet: clock input or output? (input).
[    9.257388] rk_gmac-dwmac fe300000.ethernet: TX delay(0x13).
[    9.257883] rk_gmac-dwmac fe300000.ethernet: RX delay(0xe).
[    9.258385] rk_gmac-dwmac fe300000.ethernet: integrated PHY? (no).
[    9.258946] rk_gmac-dwmac fe300000.ethernet: cannot get clock clk_mac_speed
[    9.259552] rk_gmac-dwmac fe300000.ethernet: clock input from PHY
[    9.265101] rk_gmac-dwmac fe300000.ethernet: init for RGMII
[    9.265966] rk_gmac-dwmac fe300000.ethernet: User ID: 0x10, Synopsys ID: 0x35
[    9.266598] rk_gmac-dwmac fe300000.ethernet:         DWMAC1000
[    9.267056] rk_gmac-dwmac fe300000.ethernet: DMA HW capability register supported
[    9.267707] rk_gmac-dwmac fe300000.ethernet: RX Checksum Offload Engine supported
[    9.268371] rk_gmac-dwmac fe300000.ethernet: COE Type 2
[    9.268827] rk_gmac-dwmac fe300000.ethernet: TX Checksum insertion supported
[    9.269440] rk_gmac-dwmac fe300000.ethernet: Wake-Up On Lan supported
[    9.270014] rk_gmac-dwmac fe300000.ethernet: Normal descriptors
[    9.270541] rk_gmac-dwmac fe300000.ethernet: Ring mode enabled
[    9.271060] rk_gmac-dwmac fe300000.ethernet: Enable RX Mitigation via HW Watchdog Timer
[    9.353885] mmc_host mmc1: Bus speed (slot 0) = 148500000Hz (slot req 150000000Hz, actual 148500000HZ div = 0)
[    9.418526] dwmmc_rockchip fe320000.dwmmc: Successfully tuned phase to 241
[    9.419166] mmc1: new ultra high speed SDR104 SDHC card at address 59b4
[    9.421188] mmcblk1: mmc1:59b4 USD   15.0 GiB
[    9.425234]  mmcblk1: p1 p2
[    9.471292] RTL8211F Gigabit Ethernet stmmac-0:00: attached PHY driver [RTL8211F Gigabit Ethernet] (mii_bus:phy_addr=stmmac-0:00, irq=POLL)
[    9.472412] RTL8211F Gigabit Ethernet stmmac-0:01: attached PHY driver [RTL8211F Gigabit Ethernet] (mii_bus:phy_addr=stmmac-0:01, irq=POLL)
[    9.476934] rk808-rtc rk808-rtc: setting system clock to 2022-03-21T02:09:50 UTC (1647828590)
[    9.478260] ttyS2 - failed to request DMA
[    9.482188] EXT4-fs (mmcblk0p2): warning: mounting unchecked fs, running e2fsck is recommended
[    9.483207] EXT4-fs (mmcblk0p2): mounted filesystem without journal. Opts: (null)
[    9.483875] VFS: Mounted root (ext4 filesystem) on device 179:2.
[    9.485198] Freeing unused kernel memory: 1728K
[    9.552028] Run /sbin/init as init process
[    9.582714] init: Console is alive
[    9.586027] kmodloader: no module folders for kernel version 5.4.185 found
[    9.593960] init: - preinit -
Press the [f] key and hit [enter] to enter failsafe mode
Press the [1], [2], [3] or [4] key and hit [enter] to select the debug level
[   13.817231] mount_root: mounting /dev/root
[   13.818361] EXT4-fs (mmcblk0p2): re-mounted. Opts: (null)
[   13.819089] mount_root: loading kmods from internal overlay
[   13.823521] kmodloader: no module folders for kernel version 5.4.185 found
[   13.824434] mount_root: failed to launch kmodloader from internal overlay
[   13.905389] block: attempting to load /etc/config/fstab
[   13.906902] block: extroot: not configured
[   13.961171] EXT4-fs (mmcblk0p1): warning: mounting unchecked fs, running e2fsck is recommended
[   13.962246] EXT4-fs (mmcblk0p1): mounted filesystem without journal. Opts: (null)
[   13.969581] urandom-seed: Seeding with /etc/urandom.seed
[   13.982427] procd: - early -
[   14.269833] EXT4-fs (mmcblk1p1): warning: mounting unchecked fs, running e2fsck is recommended
[   14.273480] EXT4-fs (mmcblk1p1): mounted filesystem without journal. Opts:
[   14.539821] procd: - ubus -
[   14.593533] procd: - init -
Please press Enter to activate this console.
[   14.870683] kmodloader: no module folders for kernel version 5.4.185 found
[   17.104047] phy_rtl8211f_led_fixup in
[   17.105779] rk_gmac-dwmac fe300000.ethernet eth0: PHY [stmmac-0:00] driver [RTL8211F Gigabit Ethernet]
[   17.328866] EXT4-fs (mmcblk0p1): warning: mounting unchecked fs, running e2fsck is recommended
[   17.329826] EXT4-fs (mmcblk0p1): mounted filesystem without journal. Opts:
[   17.335165] EXT4-fs (mmcblk1p2): warning: mounting unchecked fs, running e2fsck is recommended
[   17.338230] EXT4-fs (mmcblk1p2): mounted filesystem without journal. Opts:
[   18.651512] rk_gmac-dwmac fe300000.ethernet eth0: No Safety Features support found
[   18.652210] rk_gmac-dwmac fe300000.ethernet eth0: PTP not supported by HW
[   18.652825] rk_gmac-dwmac fe300000.ethernet eth0: configuring for phy/rgmii link mode

