[    0.000000] Booting Linux on physical CPU 0x0000000000 [0x410fd034]
[    0.000000] Linux version 5.4.187 (runner@fv-az380-37) (gcc version 8.4.0 (OpenWrt GCC 8.4.0 r4365-aa422c537)) #0 SMP PREEMPT Thu Mar 24 06:22:05 2022
[    0.000000] Machine model: FriendlyElec NanoPi R2S
[    0.000000] earlycon: uart8250 at MMIO32 0x00000000ff130000 (options '')
[    0.000000] printk: bootconsole [uart8250] enabled
[    0.000000] cma: Reserved 8 MiB at 0x000000001f800000
[    0.000000] On node 0 totalpages: 130560
[    0.000000]   DMA32 zone: 2040 pages used for memmap
[    0.000000]   DMA32 zone: 0 pages reserved
[    0.000000]   DMA32 zone: 130560 pages, LIFO batch:31
[    0.000000] psci: probing for conduit method from DT.
[    0.000000] psci: PSCIv1.0 detected in firmware.
[    0.000000] psci: Using standard PSCI v0.2 function IDs
[    0.000000] psci: MIGRATE_INFO_TYPE not supported.
[    0.000000] psci: SMC Calling Convention v1.0
[    0.000000] percpu: Embedded 20 pages/cpu s44952 r8192 d28776 u81920
[    0.000000] pcpu-alloc: s44952 r8192 d28776 u81920 alloc=20*4096
[    0.000000] pcpu-alloc: [0] 0 [0] 1 [0] 2 [0] 3 
[    0.000000] Detected VIPT I-cache on CPU0
[    0.000000] CPU features: detected: ARM erratum 845719
[    0.000000] Built 1 zonelists, mobility grouping on.  Total pages: 128520
[    0.000000] Kernel command line: console=ttyS2,1500000 earlycon=uart8250,mmio32,0xff130000 root=PARTUUID=5452574f-02 rw rootwait
[    0.000000] Dentry cache hash table entries: 65536 (order: 7, 524288 bytes, linear)
[    0.000000] Inode-cache hash table entries: 32768 (order: 6, 262144 bytes, linear)
[    0.000000] mem auto-init: stack:off, heap alloc:off, heap free:off
[    0.000000] Memory: 481588K/522240K available (7998K kernel code, 600K rwdata, 2520K rodata, 1728K init, 763K bss, 32460K reserved, 8192K cma-reserved)
[    0.000000] SLUB: HWalign=64, Order=0-3, MinObjects=0, CPUs=4, Nodes=1
[    0.000000] rcu: Preemptible hierarchical RCU implementation.
[    0.000000] rcu: 	RCU event tracing is enabled.
[    0.000000] rcu: 	RCU restricting CPUs from NR_CPUS=256 to nr_cpu_ids=4.
[    0.000000] 	Tasks RCU enabled.
[    0.000000] rcu: RCU calculated value of scheduler-enlistment delay is 10 jiffies.
[    0.000000] rcu: Adjusting geometry for rcu_fanout_leaf=16, nr_cpu_ids=4
[    0.000000] NR_IRQS: 64, nr_irqs: 64, preallocated irqs: 0
[    0.000000] GIC: Using split EOI/Deactivate mode
[    0.000000] random: get_random_bytes called from start_kernel+0x29c/0x39c with crng_init=0
[    0.000000] arch_timer: cp15 timer(s) running at 24.00MHz (phys).
[    0.000000] clocksource: arch_sys_counter: mask: 0xffffffffffffff max_cycles: 0x588fe9dc0, max_idle_ns: 440795202592 ns
[    0.000007] sched_clock: 56 bits at 24MHz, resolution 41ns, wraps every 4398046511097ns
[    0.001502] Console: colour dummy device 80x25
[    0.001970] Calibrating delay loop (skipped), value calculated using timer frequency.. 48.00 BogoMIPS (lpj=240000)
[    0.002908] pid_max: default: 32768 minimum: 301
[    0.003586] Mount-cache hash table entries: 1024 (order: 1, 8192 bytes, linear)
[    0.004256] Mountpoint-cache hash table entries: 1024 (order: 1, 8192 bytes, linear)
[    0.007143] ASID allocator initialised with 32768 entries
[    0.007858] rcu: Hierarchical SRCU implementation.
[    0.009453] smp: Bringing up secondary CPUs ...
[    0.010619] Detected VIPT I-cache on CPU1
[    0.010702] CPU1: Booted secondary processor 0x0000000001 [0x410fd034]
[    0.011556] Detected VIPT I-cache on CPU2
[    0.011612] CPU2: Booted secondary processor 0x0000000002 [0x410fd034]
[    0.012350] Detected VIPT I-cache on CPU3
[    0.012407] CPU3: Booted secondary processor 0x0000000003 [0x410fd034]
[    0.012529] smp: Brought up 1 node, 4 CPUs
[    0.015741] SMP: Total of 4 processors activated.
[    0.016170] CPU features: detected: 32-bit EL0 Support
[    0.016639] CPU features: detected: CRC32 instructions
[    0.025066] CPU: All CPU(s) started at EL2
[    0.025512] alternatives: patching kernel code
[    0.041983] clocksource: jiffies: mask: 0xffffffff max_cycles: 0xffffffff, max_idle_ns: 19112604462750000 ns
[    0.042898] futex hash table entries: 1024 (order: 4, 65536 bytes, linear)
[    0.044139] pinctrl core: initialized pinctrl subsystem
[    0.045881] NET: Registered protocol family 16
[    0.048627] DMA: preallocated 2048 KiB pool for atomic allocations
[    0.050418] cpuidle: using governor menu
[    0.051138] Serial: AMBA PL011 UART driver
[    0.081178] HugeTLB registered 1.00 GiB page size, pre-allocated 0 pages
[    0.081801] HugeTLB registered 32.0 MiB page size, pre-allocated 0 pages
[    0.082411] HugeTLB registered 2.00 MiB page size, pre-allocated 0 pages
[    0.083016] HugeTLB registered 64.0 KiB page size, pre-allocated 0 pages
[    0.087799] sdmmc-regulator GPIO handle specifies active low - ignored
[    0.088515] reg-fixed-voltage sdmmc-regulator: Failed to register regulator: -517
[    0.090855] iommu: Default domain type: Translated 
[    0.092623] SCSI subsystem initialized
[    0.093285] usbcore: registered new interface driver usbfs
[    0.093844] usbcore: registered new interface driver hub
[    0.094378] usbcore: registered new device driver usb
[    0.095050] pps_core: LinuxPPS API ver. 1 registered
[    0.095503] pps_core: Software ver. 5.3.6 - Copyright 2005-2007 Rodolfo Giometti <giometti@linux.it>
[    0.096346] PTP clock support registered
[    0.097328] workqueue: max_active 576 requested for napi_workq is out of range, clamping between 1 and 512
[    0.099317] clocksource: Switched to clocksource arch_sys_counter
[    0.100148] VFS: Disk quotas dquot_6.6.0
[    0.100596] VFS: Dquot-cache hash table entries: 512 (order 0, 4096 bytes)
[    0.107025] thermal_sys: Registered thermal governor 'step_wise'
[    0.107032] thermal_sys: Registered thermal governor 'power_allocator'
[    0.108340] NET: Registered protocol family 2
[    0.109636] IP idents hash table entries: 8192 (order: 4, 65536 bytes, linear)
[    0.111343] tcp_listen_portaddr_hash hash table entries: 256 (order: 0, 4096 bytes, linear)
[    0.112126] TCP established hash table entries: 4096 (order: 3, 32768 bytes, linear)
[    0.112882] TCP bind hash table entries: 4096 (order: 4, 65536 bytes, linear)
[    0.113625] TCP: Hash tables configured (established 4096 bind 4096)
[    0.114347] UDP hash table entries: 256 (order: 1, 8192 bytes, linear)
[    0.114967] UDP-Lite hash table entries: 256 (order: 1, 8192 bytes, linear)
[    0.115810] NET: Registered protocol family 1
[    0.116250] PCI: CLS 0 bytes, default 64
[    0.118240] workingset: timestamp_bits=46 max_order=17 bucket_order=0
[    0.129511] squashfs: version 4.0 (2009/01/31) Phillip Lougher
[    0.130054] jffs2: version 2.2 (NAND) (SUMMARY) (ZLIB) (LZMA) (RTIME) (CMODE_PRIORITY) (c) 2001-2006 Red Hat, Inc.
[    0.159346] Block layer SCSI generic (bsg) driver version 0.4 loaded (major 250)
[    0.160187] io scheduler mq-deadline registered
[    0.167635] dma-pl330 ff1f0000.dmac: Loaded driver for PL330 DMAC-241330
[    0.168266] dma-pl330 ff1f0000.dmac: 	DBUFF-128x8bytes Num_Chans-8 Num_Peri-20 Num_Events-16
[    0.171978] Serial: 8250/16550 driver, 16 ports, IRQ sharing enabled
[    0.176935] printk: console [ttyS2] disabled
[    0.177477] ff130000.serial: ttyS2 at MMIO 0xff130000 (irq = 12, base_baud = 1500000) is a 16550A
[    0.178365] printk: console [ttyS2] enabled
[    0.179120] printk: bootconsole [uart8250] disabled
[    0.189998] loop: module loaded
[    0.190299] mtip32xx Version 1.3.1
[    0.190799] Loading iSCSI transport class v2.0-870.
[    0.194789] QLogic FastLinQ 4xxxx Core Module qed 8.37.0.20
[    0.195297] qede_init: QLogic FastLinQ 4xxxx Ethernet Driver qede 8.37.0.20
[    0.195297] 
[    0.196935] rk_gmac-dwmac ff540000.ethernet: IRQ eth_wake_irq not found
[    0.197534] rk_gmac-dwmac ff540000.ethernet: IRQ eth_lpi not found
[    0.198242] rk_gmac-dwmac ff540000.ethernet: PTP uses main clock
[    0.198814] rk_gmac-dwmac ff540000.ethernet: phy regulator is not available yet, deferred probing
[    0.201368] dwc3 ff600000.dwc3: Failed to get clk 'ref': -2
[    0.202482] ehci_hcd: USB 2.0 'Enhanced' Host Controller (EHCI) Driver
[    0.203064] ehci-pci: EHCI PCI platform driver
[    0.203536] ehci-platform: EHCI generic platform driver
[    0.206404] ehci-platform ff5c0000.usb: EHCI Host Controller
[    0.206939] ehci-platform ff5c0000.usb: new USB bus registered, assigned bus number 1
[    0.207799] ehci-platform ff5c0000.usb: irq 29, io mem 0xff5c0000
[    0.229333] ehci-platform ff5c0000.usb: USB 2.0 started, EHCI 1.00
[    0.230633] hub 1-0:1.0: USB hub found
[    0.231010] hub 1-0:1.0: 1 port detected
[    0.231951] ohci_hcd: USB 1.1 'Open' Host Controller (OHCI) Driver
[    0.232541] ohci-platform: OHCI generic platform driver
[    0.233399] ohci-platform ff5d0000.usb: Generic Platform OHCI controller
[    0.234016] ohci-platform ff5d0000.usb: new USB bus registered, assigned bus number 2
[    0.234855] ohci-platform ff5d0000.usb: irq 30, io mem 0xff5d0000
[    0.304079] hub 2-0:1.0: USB hub found
[    0.304467] hub 2-0:1.0: 1 port detected
[    0.306082] xhci-hcd xhci-hcd.0.auto: xHCI Host Controller
[    0.306598] xhci-hcd xhci-hcd.0.auto: new USB bus registered, assigned bus number 3
[    0.307496] xhci-hcd xhci-hcd.0.auto: hcc params 0x0220fe64 hci version 0x110 quirks 0x0000000002010010
[    0.308398] xhci-hcd xhci-hcd.0.auto: irq 164, io mem 0xff600000
[    0.310025] hub 3-0:1.0: USB hub found
[    0.310411] hub 3-0:1.0: 1 port detected
[    0.311203] xhci-hcd xhci-hcd.0.auto: xHCI Host Controller
[    0.311709] xhci-hcd xhci-hcd.0.auto: new USB bus registered, assigned bus number 4
[    0.312402] xhci-hcd xhci-hcd.0.auto: Host supports USB 3.0 SuperSpeed
[    0.313067] usb usb4: We don't know the algorithms for LPM for this host, disabling LPM.
[    0.314414] hub 4-0:1.0: USB hub found
[    0.314788] hub 4-0:1.0: 1 port detected
[    0.315784] usbcore: registered new interface driver usb-storage
[    0.316523] i2c /dev entries driver
[    0.319578] rk808 1-0018: chip id: 0x8050
[    0.328219] rk808-regulator rk808-regulator: there is no dvs0 gpio
[    0.328809] rk808-regulator rk808-regulator: there is no dvs1 gpio
[    0.331286] vdd_log: supplied by vdd_5v
[    0.333756] vdd_arm: supplied by vdd_5v
[    0.334447] vcc_ddr: supplied by vdd_5v
[    0.335998] vcc_io_33: supplied by vdd_5v
[    0.338378] vcc_18: supplied by vcc_io_33
[    0.342667] vcc18_emmc: supplied by vcc_io_33
[    0.346843] vdd_10: supplied by vdd_5v
[    0.358450] rk808-rtc rk808-rtc: registered as rtc0
[    0.365657] energy_model: pd0: hertz/watts ratio non-monotonically decreasing: em_cap_state 1 >= em_cap_state0
[    0.368781] sdhci: Secure Digital Host Controller Interface driver
[    0.369437] sdhci: Copyright(c) Pierre Ossman
[    0.369822] Synopsys Designware Multimedia Card Interface Driver
[    0.370913] dwmmc_rockchip ff500000.dwmmc: IDMAC supports 32-bit address mode.
[    0.371571] dwmmc_rockchip ff500000.dwmmc: Using internal DMA controller.
[    0.372168] dwmmc_rockchip ff500000.dwmmc: Version ID is 270a
[    0.372725] dwmmc_rockchip ff500000.dwmmc: DW MMC controller at irq 26,32 bit host data width,256 deep fifo
[    0.373898] sdhci-pltfm: SDHCI platform and OF driver helper
[    0.375309] ledtrig-cpu: registered to indicate activity on CPUs
[    0.375995] hidraw: raw HID events driver (C) Jiri Kosina
[    0.376581] usbcore: registered new interface driver usbhid
[    0.377070] usbhid: USB HID core driver
[    0.378847] NET: Registered protocol family 10
[    0.380313] Segment Routing with IPv6
[    0.380697] NET: Registered protocol family 17
[    0.381149] Bridge firewalling registered
[    0.381504] 8021q: 802.1Q VLAN Support v1.8
[    0.395621] sdmmc-regulator GPIO handle specifies active low - ignored
[    0.396285] vcc_sd: supplied by vcc_io_33
[    0.397331] rk_gmac-dwmac ff540000.ethernet: IRQ eth_wake_irq not found
[    0.397917] rk_gmac-dwmac ff540000.ethernet: IRQ eth_lpi not found
[    0.398553] rk_gmac-dwmac ff540000.ethernet: PTP uses main clock
[    0.399178] rk_gmac-dwmac ff540000.ethernet: clock input or output? (input).
[    0.399894] rk_gmac-dwmac ff540000.ethernet: TX delay(0x24).
[    0.400397] rk_gmac-dwmac ff540000.ethernet: RX delay(0x18).
[    0.400911] rk_gmac-dwmac ff540000.ethernet: integrated PHY? (no).
[    0.401521] rk_gmac-dwmac ff540000.ethernet: cannot get clock clk_mac_speed
[    0.402132] rk_gmac-dwmac ff540000.ethernet: clock input from PHY
[    0.407682] rk_gmac-dwmac ff540000.ethernet: init for RGMII
[    0.408496] rk_gmac-dwmac ff540000.ethernet: User ID: 0x10, Synopsys ID: 0x35
[    0.409139] rk_gmac-dwmac ff540000.ethernet: 	DWMAC1000
[    0.409641] rk_gmac-dwmac ff540000.ethernet: DMA HW capability register supported
[    0.410302] rk_gmac-dwmac ff540000.ethernet: RX Checksum Offload Engine supported
[    0.410961] rk_gmac-dwmac ff540000.ethernet: COE Type 2
[    0.411424] rk_gmac-dwmac ff540000.ethernet: TX Checksum insertion supported
[    0.412047] rk_gmac-dwmac ff540000.ethernet: Wake-Up On Lan supported
[    0.412618] rk_gmac-dwmac ff540000.ethernet: Normal descriptors
[    0.413144] rk_gmac-dwmac ff540000.ethernet: Ring mode enabled
[    0.413656] rk_gmac-dwmac ff540000.ethernet: Enable RX Mitigation via HW Watchdog Timer
[    0.482874] dwmmc_rockchip ff500000.dwmmc: IDMAC supports 32-bit address mode.
[    0.483547] dwmmc_rockchip ff500000.dwmmc: Using internal DMA controller.
[    0.484154] dwmmc_rockchip ff500000.dwmmc: Version ID is 270a
[    0.484709] dwmmc_rockchip ff500000.dwmmc: DW MMC controller at irq 26,32 bit host data width,256 deep fifo
[    0.503739] mmc_host mmc0: Bus speed (slot 0) = 400000Hz (slot req 400000Hz, actual 400000HZ div = 0)
[    0.518085] rk3328-dmc-freq dmc: current ATF version 0x101
[    0.524479] debugfs: Directory 'power-domain' with parent 'pm_genpd' already present!
[    0.525345] debugfs: Directory 'power-domain' with parent 'pm_genpd' already present!
[    0.527922] rk808-rtc rk808-rtc: setting system clock to 2016-01-21T08:50:07 UTC (1453366207)
[    0.529097] random: fast init done
[    0.530392] Waiting for root device PARTUUID=5452574f-02...
[    0.584568] mmc_host mmc0: Bus speed (slot 0) = 150000000Hz (slot req 150000000Hz, actual 150000000HZ div = 0)
[    0.679545] usb 4-1: new SuperSpeed Gen 1 USB device number 2 using xhci-hcd
[    2.319474] dwmmc_rockchip ff500000.dwmmc: Successfully tuned phase to 91
[    2.320128] mmc0: new ultra high speed SDR104 SDHC card at address 59b4
[    2.322369] mmcblk0: mmc0:59b4 5cMJR 29.9 GiB 
[    2.325258]  mmcblk0: p1 p2
[    2.335573] EXT4-fs (mmcblk0p2): warning: mounting unchecked fs, running e2fsck is recommended
[    2.339166] EXT4-fs (mmcblk0p2): mounted filesystem without journal. Opts: (null)
[    2.339943] VFS: Mounted root (ext4 filesystem) on device 179:2.
[    2.341594] Freeing unused kernel memory: 1728K
[    2.389479] Run /sbin/init as init process
[    2.440698] init: Console is alive
[    3.046385] kmodloader: loading kernel modules from /etc/modules-boot.d/*
[    3.143502] Key type encrypted registered
[    3.159018] raid6: using algorithm neonx8 gen() 0 MB/s
[    3.159681] raid6: .... xor() 0 MB/s, rmw enabled
[    3.160303] raid6: using neon recovery algorithm
[    3.168456] xor: measuring software checksum speed
[    3.259823]    8regs     :  1186.000 MB/sec
[    3.359380]    32regs    :  2722.800 MB/sec
[    3.459391]    arm64_neon:  2400.400 MB/sec
[    3.459764] xor: using function: 32regs (2722.800 MB/sec)
[    3.534540] Btrfs loaded, crc32c=crc32c-generic
[    3.538331] exfat: module is from the staging directory, the quality is unknown, you have been warned.
[    3.541392] exFAT: Version 1.3.0
[    3.550395] ehci-fsl: Freescale EHCI Host controller driver
[    3.555984] uhci_hcd: USB Universal Host Controller Interface driver
[    3.558568] ohci-pci: OHCI PCI platform driver
[    3.566401] dwc2 ff580000.usb: ff580000.usb supply vusb_d not found, using dummy regulator
[    3.567254] dwc2 ff580000.usb: ff580000.usb supply vusb_a not found, using dummy regulator
[    3.580769] dwc2 ff580000.usb: DWC OTG Controller
[    3.581213] dwc2 ff580000.usb: new USB bus registered, assigned bus number 5
[    3.581869] dwc2 ff580000.usb: irq 28, io mem 0xff580000
[    3.582877] hub 5-0:1.0: USB hub found
[    3.583241] hub 5-0:1.0: 1 port detected
[    3.589594] usbcore: registered new interface driver uas
[    3.590619] kmodloader: done loading kernel modules from /etc/modules-boot.d/*
[    3.594521] init: - preinit -
[    3.738966] random: jshn: uninitialized urandom read (4 bytes read)
[    3.764735] random: jshn: uninitialized urandom read (4 bytes read)
[    3.811836] random: jshn: uninitialized urandom read (4 bytes read)
[    7.953726] mount_root: mounting /dev/root
[    7.958152] EXT4-fs (mmcblk0p2): re-mounted. Opts: (null)
[    7.959006] mount_root: loading kmods from internal overlay
[    7.991028] kmodloader: loading kernel modules from //etc/modules-boot.d/*
[    7.994473] kmodloader: done loading kernel modules from //etc/modules-boot.d/*
[    8.053963] block: attempting to load /etc/config/fstab
[    8.058428] block: extroot: not configured
[    8.129555] EXT4-fs (mmcblk0p1): warning: mounting unchecked fs, running e2fsck is recommended
[    8.132512] EXT4-fs (mmcblk0p1): mounted filesystem without journal. Opts: (null)
[    8.145189] urandom-seed: Seeding with /etc/urandom.seed
[    8.254796] procd: - early -
[    8.371064] urandom_read: 3 callbacks suppressed
[    8.371075] random: jshn: uninitialized urandom read (4 bytes read)
[    8.424026] random: jshn: uninitialized urandom read (4 bytes read)
[    8.524736] random: jshn: uninitialized urandom read (4 bytes read)
[    8.823530] procd: - ubus -
[    8.877176] procd: - init -
[    9.135159] kmodloader: loading kernel modules from /etc/modules.d/*
[    9.235462] NET: Registered protocol family 38
[    9.275774] async_tx: api initialized (async)
[    9.291473] device-mapper: ioctl: 4.41.0-ioctl (2019-09-16) initialised: dm-devel@redhat.com
[    9.291587] crng init done
[    9.292459] random: 1 urandom warning(s) missed due to ratelimiting
[    9.298782] Key type dns_resolver registered
[    9.316366] Key type cifs.idmap registered
[    9.331402] RPC: Registered named UNIX socket transport module.
[    9.331931] RPC: Registered udp transport module.
[    9.332342] RPC: Registered tcp transport module.
[    9.332752] RPC: Registered tcp NFSv4.1 backchannel transport module.
[    9.343771] NET: Registered protocol family 15
[    9.346362] Initializing XFRM netlink socket
[    9.368704] tun: Universal TUN/TAP device driver, 1.6
[    9.390576] l2tp_core: L2TP core driver, V2.0
[    9.392051] l2tp_netlink: L2TP netlink interface
[    9.394126] sit: IPv6, IPv4 and MPLS over IPv4 tunneling driver
[    9.398413] gre: GRE over IPv4 demultiplexor driver
[    9.400186] ip_gre: GRE over IPv4 tunneling driver
[    9.405388] Ethernet Channel Bonding Driver: v3.7.1 (April 27, 2011)
[    9.428969] Installing knfsd (copyright (C) 1996 okir@monad.swb.de).
[    9.439675] NFS: Registering the id_resolver key type
[    9.440140] Key type id_resolver registered
[    9.440508] Key type id_legacy registered
[    9.492405] cryptodev: driver 1.12 loaded.
[    9.494364] GACT probability on
[    9.495570] Mirror/redirect action on
[    9.502801] u32 classifier
[    9.503047]     input device check on
[    9.503367]     Actions configured
[    9.513973] fuse: init (API version 7.31)
[    9.556816] usbcore: registered new interface driver cdc_acm
[    9.557320] cdc_acm: USB Abstract Control Model driver for USB modems and ISDN adapters
[    9.559130] usbcore: registered new interface driver cdc_wdm
[    9.560800] Loading modules backported from Linux version v5.10.42-0-g65859eca4dff
[    9.561467] Backport generated by backports.git v5.10.42-1-0-gbee5c545
[    9.565063] hso: drivers/net/usb/hso.c: Option Wireless
[    9.565653] usbcore: registered new interface driver hso
[    9.568695] usbcore: registered new interface driver ipheth
[    9.574105] usbcore: registered new interface driver kaweth
[    9.575821] lib80211: common routines for IEEE802.11 drivers
[    9.576325] lib80211_crypt: registered algorithm 'NULL'
[    9.576913] lib80211_crypt: registered algorithm 'CCMP'
[    9.577615] lib80211_crypt: registered algorithm 'TKIP'
[    9.578270] lib80211_crypt: registered algorithm 'WEP'
[    9.656553] ntfs3: Index binary search
[    9.656889] ntfs3: Hot fix free clusters
[    9.657232] ntfs3: Max link count 1024
[    9.657559] ntfs3: Activated 32 bits per cluster
[    9.659199] pegasus: v0.9.3 (2013/04/25), Pegasus/Pegasus II USB Ethernet driver
[    9.660018] usbcore: registered new interface driver pegasus
[    9.663916] usbcore: registered new interface driver r8152
[    9.666297] r8712u: module is from the staging directory, the quality is unknown, you have been warned.
[    9.669641] usbcore: registered new interface driver r8712u
[    9.671291] usbcore: registered new interface driver rtl8150
[    9.679498] usbcore: registered new interface driver ums-alauda
[    9.680790] usbcore: registered new interface driver ums-cypress
[    9.682113] usbcore: registered new interface driver ums-datafab
[    9.683330] usbcore: registered new interface driver ums-freecom
[    9.684579] usbcore: registered new interface driver ums-isd200
[    9.685775] usbcore: registered new interface driver ums-jumpshot
[    9.687101] usbcore: registered new interface driver ums-karma
[    9.688510] usbcore: registered new interface driver ums-sddr09
[    9.690032] usbcore: registered new interface driver ums-sddr55
[    9.691315] usbcore: registered new interface driver ums-usbat
[    9.692882] usbcore: registered new interface driver usblp
[    9.705621] usbcore: registered new interface driver usbserial_generic
[    9.706237] usbserial: USB Serial support registered for generic
[    9.743035] xt_time: kernel timezone is -0000
[    9.747586] usbcore: registered new interface driver asix
[    9.749061] usbcore: registered new interface driver ax88179_178a
[    9.750489] usbcore: registered new interface driver cdc_eem
[    9.753067] usbcore: registered new interface driver cdc_ether
[    9.756673] usbcore: registered new interface driver cdc_ncm
[    9.758069] usbcore: registered new interface driver cdc_subset
[    9.799575] usbcore: registered new interface driver dm9601
[    9.801168] usbcore: registered new interface driver huawei_cdc_ncm
[    9.803557] usbcore: registered new interface driver kalmia
[    9.862790] usbcore: registered new interface driver MOSCHIP usb-ethernet driver
[    9.865183] usb 4-1: reset SuperSpeed Gen 1 USB device number 2 using xhci-hcd
[    9.899416] usbcore: registered new interface driver mt7601u
[    9.900816] r8152 4-1:1.0 (unnamed net_device) (uninitialized): Invalid ether addr 00:00:00:00:00:00
[    9.901628] r8152 4-1:1.0 (unnamed net_device) (uninitialized): Random ether addr 76:78:52:29:a3:8f
[    9.916422] usbcore: registered new interface driver mt7663u
[    9.940030] r8152 4-1:1.0 eth1: v1.10.11
[    9.944728] usbcore: registered new interface driver mt76x2u
[    9.950809] usbcore: registered new interface driver p54usb
[    9.952340] usbcore: registered new interface driver plusb
[    9.956888] PPP generic driver version 2.4.2
[    9.958107] PPP MPPE Compression module registered
[    9.960554] NET: Registered protocol family 24
[    9.962347] PPTP driver version 0.8.5
[    9.964380] usbcore: registered new interface driver qmi_wwan
[    9.982704] RTL8723BS: module init start
[    9.983063] RTL8723BS: rtl8723bs v4.3.5.5_12290.20140916_BTCOEX20140507-4E40
[    9.983677] RTL8723BS: rtl8723bs BT-Coex version = BTCOEX20140507-4E40
[    9.984325] RTL8723BS: module init ret =0
[    9.987266] usbcore: registered new interface driver rndis_host
[    9.993432] usbcore: registered new interface driver RSI-USB WLAN
[   10.012983] usbcore: registered new interface driver rt73usb
[   10.015990] usbcore: registered new interface driver rtl8187
[   10.170498] RTW: module init start
[   10.170808] RTW: rtl8821cu v5.4.1_28754.20180921_COEX20180712-3232
[   10.171345] RTW: build time: Mar 24 2022 06:22:05
[   10.171756] RTW: rtl8821cu BT-Coex version = COEX20180712-3232
[   10.172424] usbcore: registered new interface driver rtl8821cu
[   10.172939] RTW: module init ret=0
[   10.177629] usbcore: registered new interface driver rtl8xxxu
[   10.215870] usbcore: registered new interface driver sierra_net
[   10.218296] usbcore: registered new interface driver smsc95xx
[   10.228820] usbcore: registered new interface driver snd-usb-audio
[   10.231158] usbcore: registered new interface driver sr9700
[   10.237290] usbcore: registered new interface driver usb8xxx
[   10.241981] wireguard: WireGuard 1.0.0 loaded. See www.wireguard.com for information.
[   10.242669] wireguard: Copyright (C) 2015-2019 Jason A. Donenfeld <Jason@zx2c4.com>. All Rights Reserved.
[   10.245810] usbcore: registered new interface driver zd1211rw
[   10.265111] usbcore: registered new interface driver ath6kl_usb
[   10.300057] usbcore: registered new interface driver carl9170
[   10.302210] usbcore: registered new interface driver cdc_mbim
[   10.306882] l2tp_ppp: PPPoL2TP kernel driver, V2.0
[   10.311870] usbcore: registered new interface driver mt76x0u
[   10.313585] usbcore: registered new interface driver option
[   10.314130] usbserial: USB Serial support registered for GSM modem (1-port)
[   10.318816] usbcore: registered new interface driver rt2500usb
[   10.334628] usbcore: registered new interface driver rt2800usb
[   10.356553] usbcore: registered new interface driver rtl8192cu
[   10.389008] usbcore: registered new interface driver ath9k_htc
[   10.389918] kmodloader: done loading kernel modules from /etc/modules.d/*
[   13.371647] EXT4-fs (mmcblk0p1): warning: mounting unchecked fs, running e2fsck is recommended
[   13.374572] EXT4-fs (mmcblk0p1): mounted filesystem without journal. Opts: 
[   14.283266] br-lan: port 1(eth1) entered blocking state
[   14.283736] br-lan: port 1(eth1) entered disabled state
[   14.284402] device eth1 entered promiscuous mode
[   14.286270] br-lan: port 1(eth1) entered blocking state
[   14.286751] br-lan: port 1(eth1) entered forwarding state
[   14.314353] r8152 4-1:1.0 eth1: Promiscuous mode enabled
[   14.315060] r8152 4-1:1.0 eth1: carrier on
[   14.349421] phy_rtl8211e_led_fixup in
[   14.352806] rk_gmac-dwmac ff540000.ethernet eth0: PHY [stmmac-0:01] driver [RTL8211E Gigabit Ethernet]
[   15.919325] rk_gmac-dwmac ff540000.ethernet eth0: No Safety Features support found
[   15.920008] rk_gmac-dwmac ff540000.ethernet eth0: PTP not supported by HW
[   15.920610] rk_gmac-dwmac ff540000.ethernet eth0: configuring for phy/rgmii link mode
[   15.923035] IPv6: ADDRCONF(NETDEV_CHANGE): br-lan: link becomes ready
[   34.809733] NFSD: Using /var/lib/nfs/v4recovery as the NFSv4 state recovery directory
[   34.810452] NFSD: Using legacy client tracking operations.
[   34.810932] NFSD: starting 10-second grace period (net f0000040)
